
YS@LAPTOP-DHSNN406 MINGW64 ~
$ cd Y:\GlobalLogic_ProCamp\GL_EmbededProCamp_HomeWork\Git_L1
bash: cd: Y:GlobalLogic_ProCampGL_EmbededProCamp_HomeWorkGit_L1: No such file or directory

YS@LAPTOP-DHSNN406 MINGW64 ~
$ cd Y:\GlobalLogic_ProCamp\GL_EmbededProCamp_HomeWork\
>
bash: cd: Y:GlobalLogic_ProCampGL_EmbededProCamp_HomeWork: No such file or directory


YS@LAPTOP-DHSNN406 MINGW64 ~
$

YS@LAPTOP-DHSNN406 MINGW64 ~
$ cd Y:\GlobalLogic_ProCamp\
>


YS@LAPTOP-DHSNN406 MINGW64 /y/GlobalLogic_ProCamp
$

YS@LAPTOP-DHSNN406 MINGW64 /y/GlobalLogic_ProCamp
$ cd
~$1_Camp, Git Introduction.pptx          2_Camp, Operations with branches.pptx    DevTestOps-Version_Control_with_Git.pdf
~$EC_Lecture_2_C_Lang_part1_m.pptx       3_Camp, Operations with commits.pptx     GL_EmbededProCamp_HomeWork/
1_Camp, Git Introduction.pptx            archive/                                 progit_v2.1.22.pdf

YS@LAPTOP-DHSNN406 MINGW64 /y/GlobalLogic_ProCamp
$ cd  GL_EmbededProCamp_HomeWork/

YS@LAPTOP-DHSNN406 MINGW64 /y/GlobalLogic_ProCamp/GL_EmbededProCamp_HomeWork (master)
$ pwd
/y/GlobalLogic_ProCamp/GL_EmbededProCamp_HomeWork

YS@LAPTOP-DHSNN406 MINGW64 /y/GlobalLogic_ProCamp/GL_EmbededProCamp_HomeWork (master)
$ git remote -v
origin  git@github.com:ysharkadiy/GL_EmbededProCamp_HomeWork.git (fetch)
origin  git@github.com:ysharkadiy/GL_EmbededProCamp_HomeWork.git (push)

YS@LAPTOP-DHSNN406 MINGW64 /y/GlobalLogic_ProCamp/GL_EmbededProCamp_HomeWork (master)
$ git status
On branch master
Your branch is up to date with 'origin/master'.

Untracked files:
  (use "git add <file>..." to include in what will be committed)
        Git/MySecondSessionWithGit.txt

nothing added to commit but untracked files present (use "git add" to track)

YS@LAPTOP-DHSNN406 MINGW64 /y/GlobalLogic_ProCamp/GL_EmbededProCamp_HomeWork (master)
$ git pull
Already up to date.

YS@LAPTOP-DHSNN406 MINGW64 /y/GlobalLogic_ProCamp/GL_EmbededProCamp_HomeWork (master)
$ cd \y\
>
bash: cd: y: No such file or directory

YS@LAPTOP-DHSNN406 MINGW64 /y/GlobalLogic_ProCamp/GL_EmbededProCamp_HomeWork (master)
$ cd /y/

YS@LAPTOP-DHSNN406 MINGW64 /y
$ cd

YS@LAPTOP-DHSNN406 MINGW64 ~
$ cd y/
bash: cd: y/: No such file or directory

YS@LAPTOP-DHSNN406 MINGW64 ~
$ cd/y/
bash: cd/y/: No such file or directory

YS@LAPTOP-DHSNN406 MINGW64 ~
$ cd /y/

YS@LAPTOP-DHSNN406 MINGW64 /y
$ ls
'$RECYCLE.BIN'/   Builder/                      eclipse_MCU/     eclipse_Python/   GlobalLogic_ProCamp/   LTspiceXVII/   MBO/           OrCAD/           Qt/      'System Volume Information'/
 Books/           DialogSemiconductorCompany/   eclipse_MinGW/   ETCetera/        'Keil projects'/        MatLab/        MyPortfolio/  'PSoC Creator'/   SiTime/   VisualStudio_Projects/

YS@LAPTOP-DHSNN406 MINGW64 /y
$ ^C

YS@LAPTOP-DHSNN406 MINGW64 /y
$ cd /GlobalLogic_ProCamp/
bash: cd: /GlobalLogic_ProCamp/: No such file or directory

YS@LAPTOP-DHSNN406 MINGW64 /y
$ cd GlobalLogic_ProCamp/

YS@LAPTOP-DHSNN406 MINGW64 /y/GlobalLogic_ProCamp
$ ls
'~$1_Camp, Git Introduction.pptx'     '1_Camp, Git Introduction.pptx'          '3_Camp, Operations with commits.pptx'   DevTestOps-Version_Control_with_Git.pdf   progit_v2.1.22.pdf
'~$EC_Lecture_2_C_Lang_part1_m.pptx'  '2_Camp, Operations with branches.pptx'   archive/                                GL_EmbededProCamp_HomeWork/

YS@LAPTOP-DHSNN406 MINGW64 /y/GlobalLogic_ProCamp
$ cd GL_EmbededProCamp_HomeWork/Git_Clone/

YS@LAPTOP-DHSNN406 MINGW64 /y/GlobalLogic_ProCamp/GL_EmbededProCamp_HomeWork/Git_Clone (master)
$ git clone git@github.com:ysharkadiy/GL_EmbededProCamp_HomeWork.git
Cloning into 'GL_EmbededProCamp_HomeWork'...
remote: Enumerating objects: 76, done.
remote: Counting objects: 100% (76/76), done.
remote: Compressing objects: 100% (45/45), done.
remote: Total 76 (delta 21), reused 63 (delta 13), pack-reused 0
Receiving objects: 100% (76/76), 7.45 KiB | 762.00 KiB/s, done.
Resolving deltas: 100% (21/21), done.

YS@LAPTOP-DHSNN406 MINGW64 /y/GlobalLogic_ProCamp/GL_EmbededProCamp_HomeWork/Git_Clone (master)
$ cd /y/

YS@LAPTOP-DHSNN406 MINGW64 /y
$ cd /GlobalLogic_ProCamp/
bash: cd: /GlobalLogic_ProCamp/: No such file or directory

YS@LAPTOP-DHSNN406 MINGW64 /y
$ cd GlobalLogic_ProCamp/

YS@LAPTOP-DHSNN406 MINGW64 /y/GlobalLogic_ProCamp
$ cd GL_EmbededProCamp_HomeWork/

YS@LAPTOP-DHSNN406 MINGW64 /y/GlobalLogic_ProCamp/GL_EmbededProCamp_HomeWork (master)
$ cd Git/

YS@LAPTOP-DHSNN406 MINGW64 /y/GlobalLogic_ProCamp/GL_EmbededProCamp_HomeWork/Git (master)
$ cd /y/GlobalLogic_ProCamp/GL_EmbededProCamp_HomeWork/

YS@LAPTOP-DHSNN406 MINGW64 /y/GlobalLogic_ProCamp/GL_EmbededProCamp_HomeWork (master)
$ git status
On branch master
Your branch is up to date with 'origin/master'.

Untracked files:
  (use "git add <file>..." to include in what will be committed)
        Git/MySecondSessionWithGit.txt
        Git_Clone/

nothing added to commit but untracked files present (use "git add" to track)

YS@LAPTOP-DHSNN406 MINGW64 /y/GlobalLogic_ProCamp/GL_EmbededProCamp_HomeWork (master)
$ git status
On branch master
Your branch is up to date with 'origin/master'.

Untracked files:
  (use "git add <file>..." to include in what will be committed)
        Git/MySecondSessionWithGit.txt

nothing added to commit but untracked files present (use "git add" to track)

YS@LAPTOP-DHSNN406 MINGW64 /y/GlobalLogic_ProCamp/GL_EmbededProCamp_HomeWork (master)
$ git reset --hard
HEAD is now at db3e733 YS: renamed main folder for Git_Homework

YS@LAPTOP-DHSNN406 MINGW64 /y/GlobalLogic_ProCamp/GL_EmbededProCamp_HomeWork (master)
$ git status
On branch master
Your branch is up to date with 'origin/master'.

Untracked files:
  (use "git add <file>..." to include in what will be committed)
        Git/MySecondSessionWithGit.txt

nothing added to commit but untracked files present (use "git add" to track)

YS@LAPTOP-DHSNN406 MINGW64 /y/GlobalLogic_ProCamp/GL_EmbededProCamp_HomeWork (master)
$ git clean -xdf
Removing Git/MySecondSessionWithGit.txt

YS@LAPTOP-DHSNN406 MINGW64 /y/GlobalLogic_ProCamp/GL_EmbededProCamp_HomeWork (master)
$ git tag -list
error: did you mean `--list` (with two dashes ?)

YS@LAPTOP-DHSNN406 MINGW64 /y/GlobalLogic_ProCamp/GL_EmbededProCamp_HomeWork (master)
$ git tag --list
stable
version1

YS@LAPTOP-DHSNN406 MINGW64 /y/GlobalLogic_ProCamp/GL_EmbededProCamp_HomeWork (master)
$ git branch
  Git_L1
* master

YS@LAPTOP-DHSNN406 MINGW64 /y/GlobalLogic_ProCamp/GL_EmbededProCamp_HomeWork (master)
$ git branch -r
  origin/Git_L1
  origin/HEAD -> origin/master
  origin/master

YS@LAPTOP-DHSNN406 MINGW64 /y/GlobalLogic_ProCamp/GL_EmbededProCamp_HomeWork (master)
$ git branch -vv
  Git_L1 221aec6 [origin/Git_L1: ahead 2] add another joke
* master db3e733 [origin/master] YS: renamed main folder for Git_Homework

YS@LAPTOP-DHSNN406 MINGW64 /y/GlobalLogic_ProCamp/GL_EmbededProCamp_HomeWork (master)
$ git status
On branch master
Your branch is up to date with 'origin/master'.

nothing to commit, working tree clean

YS@LAPTOP-DHSNN406 MINGW64 /y/GlobalLogic_ProCamp/GL_EmbededProCamp_HomeWork (master)
$ git checkout .
Updated 0 paths from the index

YS@LAPTOP-DHSNN406 MINGW64 /y/GlobalLogic_ProCamp/GL_EmbededProCamp_HomeWork (master)
$ git che
checkout      cherry        cherry-pick

YS@LAPTOP-DHSNN406 MINGW64 /y/GlobalLogic_ProCamp/GL_EmbededProCamp_HomeWork (master)
$ git checkout -b A
Switched to a new branch 'A'

YS@LAPTOP-DHSNN406 MINGW64 /y/GlobalLogic_ProCamp/GL_EmbededProCamp_HomeWork (A)
$ git status
On branch A
Untracked files:
  (use "git add <file>..." to include in what will be committed)
        Git/MySecondSessionWithGit.txt

nothing added to commit but untracked files present (use "git add" to track)

YS@LAPTOP-DHSNN406 MINGW64 /y/GlobalLogic_ProCamp/GL_EmbededProCamp_HomeWork (A)
$ git add .

YS@LAPTOP-DHSNN406 MINGW64 /y/GlobalLogic_ProCamp/GL_EmbededProCamp_HomeWork (A)
$ git status
On branch A
Changes to be committed:
  (use "git restore --staged <file>..." to unstage)
        new file:   Git/MySecondSessionWithGit.txt


YS@LAPTOP-DHSNN406 MINGW64 /y/GlobalLogic_ProCamp/GL_EmbededProCamp_HomeWork (A)
$ git commit -m "added file from second session of working with Git; create new branch "
[A 45e4082] added file from second session of working with Git; create new branch
 1 file changed, 3508 insertions(+)
 create mode 100644 Git/MySecondSessionWithGit.txt

YS@LAPTOP-DHSNN406 MINGW64 /y/GlobalLogic_ProCamp/GL_EmbededProCamp_HomeWork (A)
$ git branch -a
* A
  Git_L1
  master
  remotes/origin/Git_L1
  remotes/origin/HEAD -> origin/master
  remotes/origin/master

YS@LAPTOP-DHSNN406 MINGW64 /y/GlobalLogic_ProCamp/GL_EmbededProCamp_HomeWork (A)
$ git branch -v
* A      45e4082 added file from second session of working with Git; create new branch
  Git_L1 221aec6 [ahead 2] add another joke
  master db3e733 YS: renamed main folder for Git_Homework

YS@LAPTOP-DHSNN406 MINGW64 /y/GlobalLogic_ProCamp/GL_EmbededProCamp_HomeWork (A)
$ git branch -vv
* A      45e4082 added file from second session of working with Git; create new branch
  Git_L1 221aec6 [origin/Git_L1: ahead 2] add another joke
  master db3e733 [origin/master] YS: renamed main folder for Git_Homework

YS@LAPTOP-DHSNN406 MINGW64 /y/GlobalLogic_ProCamp/GL_EmbededProCamp_HomeWork (A)
$ git branch -
fatal: '-' is not a valid branch name.

YS@LAPTOP-DHSNN406 MINGW64 /y/GlobalLogic_ProCamp/GL_EmbededProCamp_HomeWork (A)
$ git branch
* A
  Git_L1
  master

YS@LAPTOP-DHSNN406 MINGW64 /y/GlobalLogic_ProCamp/GL_EmbededProCamp_HomeWork (A)
$ git branch help

YS@LAPTOP-DHSNN406 MINGW64 /y/GlobalLogic_ProCamp/GL_EmbededProCamp_HomeWork (A)
$ git branch - help
fatal: '-' is not a valid branch name.

YS@LAPTOP-DHSNN406 MINGW64 /y/GlobalLogic_ProCamp/GL_EmbededProCamp_HomeWork (A)
$ git branch -help
usage: git branch [<options>] [-r | -a] [--merged | --no-merged]
   or: git branch [<options>] [-l] [-f] <branch-name> [<start-point>]
   or: git branch [<options>] [-r] (-d | -D) <branch-name>...
   or: git branch [<options>] (-m | -M) [<old-branch>] <new-branch>
   or: git branch [<options>] (-c | -C) [<old-branch>] <new-branch>
   or: git branch [<options>] [-r | -a] [--points-at]
   or: git branch [<options>] [-r | -a] [--format]

Generic options
    -v, --verbose         show hash and subject, give twice for upstream branch
    -q, --quiet           suppress informational messages
    -t, --track           set up tracking mode (see git-pull(1))
    -u, --set-upstream-to <upstream>
                          change the upstream info
    --unset-upstream      Unset the upstream info
    --color[=<when>]      use colored output
    -r, --remotes         act on remote-tracking branches
    --contains <commit>   print only branches that contain the commit
    --no-contains <commit>
                          print only branches that don't contain the commit
    --abbrev[=<n>]        use <n> digits to display SHA-1s

Specific git-branch actions:
    -a, --all             list both remote-tracking and local branches
    -d, --delete          delete fully merged branch
    -D                    delete branch (even if not merged)
    -m, --move            move/rename a branch and its reflog
    -M                    move/rename a branch, even if target exists
    -c, --copy            copy a branch and its reflog
    -C                    copy a branch, even if target exists
    -l, --list            list branch names
    --show-current        show current branch name
    --create-reflog       create the branch's reflog
    --edit-description    edit the description for the branch
    -f, --force           force creation, move/rename, deletion
    --merged <commit>     print only branches that are merged
    --no-merged <commit>  print only branches that are not merged
    --column[=<style>]    list branches in columns
    --sort <key>          field name to sort on
    --points-at <object>  print only branches of the object
    -i, --ignore-case     sorting and filtering are case insensitive
    --format <format>     format to use for the output


YS@LAPTOP-DHSNN406 MINGW64 /y/GlobalLogic_ProCamp/GL_EmbededProCamp_HomeWork (A)
$ git checkout Git_L1
Switched to branch 'Git_L1'
Your branch is ahead of 'origin/Git_L1' by 2 commits.
  (use "git push" to publish your local commits)

YS@LAPTOP-DHSNN406 MINGW64 /y/GlobalLogic_ProCamp/GL_EmbededProCamp_HomeWork (Git_L1)
$ git branch -d
fatal: branch name required

YS@LAPTOP-DHSNN406 MINGW64 /y/GlobalLogic_ProCamp/GL_EmbededProCamp_HomeWork (Git_L1)
$ git branch -d Git_L1
error: Cannot delete branch 'Git_L1' checked out at 'Y:/GlobalLogic_ProCamp/GL_EmbededProCamp_HomeWork'

YS@LAPTOP-DHSNN406 MINGW64 /y/GlobalLogic_ProCamp/GL_EmbededProCamp_HomeWork (Git_L1)
$ git checkout master
Switched to branch 'master'
Your branch is up to date with 'origin/master'.

YS@LAPTOP-DHSNN406 MINGW64 /y/GlobalLogic_ProCamp/GL_EmbededProCamp_HomeWork (master)
$ git checkout orogin/master
error: pathspec 'orogin/master' did not match any file(s) known to git

YS@LAPTOP-DHSNN406 MINGW64 /y/GlobalLogic_ProCamp/GL_EmbededProCamp_HomeWork (master)
$ git checkout origin/master
Note: switching to 'origin/master'.

You are in 'detached HEAD' state. You can look around, make experimental
changes and commit them, and you can discard any commits you make in this
state without impacting any branches by switching back to a branch.

If you want to create a new branch to retain commits you create, you may
do so (now or later) by using -c with the switch command. Example:

  git switch -c <new-branch-name>

Or undo this operation with:

  git switch -

Turn off this advice by setting config variable advice.detachedHead to false

HEAD is now at db3e733 YS: renamed main folder for Git_Homework

YS@LAPTOP-DHSNN406 MINGW64 /y/GlobalLogic_ProCamp/GL_EmbededProCamp_HomeWork ((db3e733...))
$ git checkout master
Switched to branch 'master'
Your branch is up to date with 'origin/master'.

YS@LAPTOP-DHSNN406 MINGW64 /y/GlobalLogic_ProCamp/GL_EmbededProCamp_HomeWork (master)
$ git branch -d Git_L1
warning: not deleting branch 'Git_L1' that is not yet merged to
         'refs/remotes/origin/Git_L1', even though it is merged to HEAD.
error: The branch 'Git_L1' is not fully merged.
If you are sure you want to delete it, run 'git branch -D Git_L1'.

YS@LAPTOP-DHSNN406 MINGW64 /y/GlobalLogic_ProCamp/GL_EmbededProCamp_HomeWork (master)
$ git fetch --prune

YS@LAPTOP-DHSNN406 MINGW64 /y/GlobalLogic_ProCamp/GL_EmbededProCamp_HomeWork (master)
$ git pull
Already up to date.

YS@LAPTOP-DHSNN406 MINGW64 /y/GlobalLogic_ProCamp/GL_EmbededProCamp_HomeWork (master)
$ git branch -d Git_L1
warning: not deleting branch 'Git_L1' that is not yet merged to
         'refs/remotes/origin/Git_L1', even though it is merged to HEAD.
error: The branch 'Git_L1' is not fully merged.
If you are sure you want to delete it, run 'git branch -D Git_L1'.

YS@LAPTOP-DHSNN406 MINGW64 /y/GlobalLogic_ProCamp/GL_EmbededProCamp_HomeWork (master)
$ git merge --continue
fatal: There is no merge in progress (MERGE_HEAD missing).

YS@LAPTOP-DHSNN406 MINGW64 /y/GlobalLogic_ProCamp/GL_EmbededProCamp_HomeWork (master)
$ git checkout a
Switched to branch 'a'

YS@LAPTOP-DHSNN406 MINGW64 /y/GlobalLogic_ProCamp/GL_EmbededProCamp_HomeWork (a)
$ git checkout A
Switched to branch 'A'

YS@LAPTOP-DHSNN406 MINGW64 /y/GlobalLogic_ProCamp/GL_EmbededProCamp_HomeWork (A)
$ git branch --list
* A
  Git_L1
  help
  master

YS@LAPTOP-DHSNN406 MINGW64 /y/GlobalLogic_ProCamp/GL_EmbededProCamp_HomeWork (A)
$ git branch -r
  origin/Git_L1
  origin/HEAD -> origin/master
  origin/master

YS@LAPTOP-DHSNN406 MINGW64 /y/GlobalLogic_ProCamp/GL_EmbededProCamp_HomeWork (A)
$ git branch
* A
  Git_L1
  help
  master

YS@LAPTOP-DHSNN406 MINGW64 /y/GlobalLogic_ProCamp/GL_EmbededProCamp_HomeWork (A)
$ git branch -d help
Deleted branch help (was 45e4082).

YS@LAPTOP-DHSNN406 MINGW64 /y/GlobalLogic_ProCamp/GL_EmbededProCamp_HomeWork (A)
$ git branch
* A
  Git_L1
  master

YS@LAPTOP-DHSNN406 MINGW64 /y/GlobalLogic_ProCamp/GL_EmbededProCamp_HomeWork (A)
$ git push -u
fatal: The current branch A has no upstream branch.
To push the current branch and set the remote as upstream, use

    git push --set-upstream origin A


YS@LAPTOP-DHSNN406 MINGW64 /y/GlobalLogic_ProCamp/GL_EmbededProCamp_HomeWork (A)
$ git pull origin A
fatal: couldn't find remote ref A

YS@LAPTOP-DHSNN406 MINGW64 /y/GlobalLogic_ProCamp/GL_EmbededProCamp_HomeWork (A)
$ пше згір
bash: пше: command not found

YS@LAPTOP-DHSNN406 MINGW64 /y/GlobalLogic_ProCamp/GL_EmbededProCamp_HomeWork (A)
$ git push
fatal: The current branch A has no upstream branch.
To push the current branch and set the remote as upstream, use

    git push --set-upstream origin A


YS@LAPTOP-DHSNN406 MINGW64 /y/GlobalLogic_ProCamp/GL_EmbededProCamp_HomeWork (A)
$ ^C

YS@LAPTOP-DHSNN406 MINGW64 /y/GlobalLogic_ProCamp/GL_EmbededProCamp_HomeWork (A)
$ git push -u origin HEAD
Enumerating objects: 6, done.
Counting objects: 100% (6/6), done.
Delta compression using up to 4 threads
Compressing objects: 100% (4/4), done.
Writing objects: 100% (4/4), 13.73 KiB | 1.25 MiB/s, done.
Total 4 (delta 1), reused 0 (delta 0)
remote: Resolving deltas: 100% (1/1), completed with 1 local object.
remote:
remote: Create a pull request for 'A' on GitHub by visiting:
remote:      https://github.com/ysharkadiy/GL_EmbededProCamp_HomeWork/pull/new/A
remote:
To github.com:ysharkadiy/GL_EmbededProCamp_HomeWork.git
 * [new branch]      HEAD -> A
Branch 'A' set up to track remote branch 'A' from 'origin'.

YS@LAPTOP-DHSNN406 MINGW64 /y/GlobalLogic_ProCamp/GL_EmbededProCamp_HomeWork (A)
$ git fetch origin

YS@LAPTOP-DHSNN406 MINGW64 /y/GlobalLogic_ProCamp/GL_EmbededProCamp_HomeWork (A)
$ git checkout master
Switched to branch 'master'
Your branch is up to date with 'origin/master'.

YS@LAPTOP-DHSNN406 MINGW64 /y/GlobalLogic_ProCamp/GL_EmbededProCamp_HomeWork (master)
$ git fetch origin

YS@LAPTOP-DHSNN406 MINGW64 /y/GlobalLogic_ProCamp/GL_EmbededProCamp_HomeWork (master)
$ git checkout A
Switched to branch 'A'
Your branch is up to date with 'origin/A'.

YS@LAPTOP-DHSNN406 MINGW64 /y/GlobalLogic_ProCamp/GL_EmbededProCamp_HomeWork (A)
$ git merge origin/master
Already up to date.

YS@LAPTOP-DHSNN406 MINGW64 /y/GlobalLogic_ProCamp/GL_EmbededProCamp_HomeWork (A)
$ git merge origin/A
Already up to date.

YS@LAPTOP-DHSNN406 MINGW64 /y/GlobalLogic_ProCamp/GL_EmbededProCamp_HomeWork (A)
$  git branch -u origin/A
Branch 'A' set up to track remote branch 'A' from 'origin'.

YS@LAPTOP-DHSNN406 MINGW64 /y/GlobalLogic_ProCamp/GL_EmbededProCamp_HomeWork (A)
$ git pull -fetch
error: unknown switch `e'
usage: git pull [<options>] [<repository> [<refspec>...]]

    -v, --verbose         be more verbose
    -q, --quiet           be more quiet
    --progress            force progress reporting
    --recurse-submodules[=<on-demand>]
                          control for recursive fetching of submodules

Options related to merging
    -r, --rebase[=(false|true|merges|preserve|interactive)]
                          incorporate changes by rebasing rather than merging
    -n                    do not show a diffstat at the end of the merge
    --stat                show a diffstat at the end of the merge
    --log[=<n>]           add (at most <n>) entries from shortlog to merge commit message
    --signoff[=...]       add Signed-off-by:
    --squash              create a single commit instead of doing a merge
    --commit              perform a commit if the merge succeeds (default)
    --edit                edit message before committing
    --cleanup <mode>      how to strip spaces and #comments from message
    --ff                  allow fast-forward
    --ff-only             abort if fast-forward is not possible
    --verify-signatures   verify that the named commit has a valid GPG signature
    --autostash           automatically stash/stash pop before and after rebase
    -s, --strategy <strategy>
                          merge strategy to use
    -X, --strategy-option <option=value>
                          option for selected merge strategy
    -S, --gpg-sign[=<key-id>]
                          GPG sign commit
    --allow-unrelated-histories
                          allow merging unrelated histories

Options related to fetching
    --all                 fetch from all remotes
    -a, --append          append to .git/FETCH_HEAD instead of overwriting
    --upload-pack <path>  path to upload pack on remote end
    -f, --force           force overwrite of local branch
    -t, --tags            fetch all tags and associated objects
    -p, --prune           prune remote-tracking branches no longer on remote
    -j, --jobs[=<n>]      number of submodules pulled in parallel
    --dry-run             dry run
    -k, --keep            keep downloaded pack
    --depth <depth>       deepen history of shallow clone
    --unshallow           convert to a complete repository
    --update-shallow      accept refs that update .git/shallow
    --refmap <refmap>     specify fetch refmap
    -4, --ipv4            use IPv4 addresses only
    -6, --ipv6            use IPv6 addresses only
    --show-forced-updates
                          check for forced-updates on all updated branches


YS@LAPTOP-DHSNN406 MINGW64 /y/GlobalLogic_ProCamp/GL_EmbededProCamp_HomeWork (Git_L1)
$ git pull -fetch
error: unknown switch `e'
usage: git pull [<options>] [<repository> [<refspec>...]]

    -v, --verbose         be more verbose
    -q, --quiet           be more quiet
    --progress            force progress reporting
    --recurse-submodules[=<on-demand>]
                          control for recursive fetching of submodules

Options related to merging
    -r, --rebase[=(false|true|merges|preserve|interactive)]
                          incorporate changes by rebasing rather than merging
    -n                    do not show a diffstat at the end of the merge
    --stat                show a diffstat at the end of the merge
    --log[=<n>]           add (at most <n>) entries from shortlog to merge commit message
    --signoff[=...]       add Signed-off-by:
    --squash              create a single commit instead of doing a merge
    --commit              perform a commit if the merge succeeds (default)
    --edit                edit message before committing
    --cleanup <mode>      how to strip spaces and #comments from message
    --ff                  allow fast-forward
    --ff-only             abort if fast-forward is not possible
    --verify-signatures   verify that the named commit has a valid GPG signature
    --autostash           automatically stash/stash pop before and after rebase
    -s, --strategy <strategy>
                          merge strategy to use
    -X, --strategy-option <option=value>
                          option for selected merge strategy
    -S, --gpg-sign[=<key-id>]
                          GPG sign commit
    --allow-unrelated-histories
                          allow merging unrelated histories

Options related to fetching
    --all                 fetch from all remotes
    -a, --append          append to .git/FETCH_HEAD instead of overwriting
    --upload-pack <path>  path to upload pack on remote end
    -f, --force           force overwrite of local branch
    -t, --tags            fetch all tags and associated objects
    -p, --prune           prune remote-tracking branches no longer on remote
    -j, --jobs[=<n>]      number of submodules pulled in parallel
    --dry-run             dry run
    -k, --keep            keep downloaded pack
    --depth <depth>       deepen history of shallow clone
    --unshallow           convert to a complete repository
    --update-shallow      accept refs that update .git/shallow
    --refmap <refmap>     specify fetch refmap
    -4, --ipv4            use IPv4 addresses only
    -6, --ipv6            use IPv6 addresses only
    --show-forced-updates
                          check for forced-updates on all updated branches


YS@LAPTOP-DHSNN406 MINGW64 /y/GlobalLogic_ProCamp/GL_EmbededProCamp_HomeWork (Git_L1)
$ git merge origin/Git_L1
Already up to date.

YS@LAPTOP-DHSNN406 MINGW64 /y/GlobalLogic_ProCamp/GL_EmbededProCamp_HomeWork (Git_L1)
$  git branch -u origin/Git_L1
Branch 'Git_L1' set up to track remote branch 'Git_L1' from 'origin'.

YS@LAPTOP-DHSNN406 MINGW64 /y/GlobalLogic_ProCamp/GL_EmbededProCamp_HomeWork (Git_L1)
$ git checkout master
Switched to branch 'master'
warning: cancelling a revert in progress
Your branch is up to date with 'origin/master'.

YS@LAPTOP-DHSNN406 MINGW64 /y/GlobalLogic_ProCamp/GL_EmbededProCamp_HomeWork (master)
$ git pull
Already up to date.

YS@LAPTOP-DHSNN406 MINGW64 /y/GlobalLogic_ProCamp/GL_EmbededProCamp_HomeWork (master)
$ git checkout A
Switched to branch 'A'
Your branch is up to date with 'origin/A'.

YS@LAPTOP-DHSNN406 MINGW64 /y/GlobalLogic_ProCamp/GL_EmbededProCamp_HomeWork (A)
$ cd

YS@LAPTOP-DHSNN406 MINGW64 ~
$ cd /y/GlobalLogic_ProCamp/

YS@LAPTOP-DHSNN406 MINGW64 /y/GlobalLogic_ProCamp
$ ls
'~$EC_Lecture_2_C_Lang_part1_m.pptx'  '2_Camp, Operations with branches.pptx'   archive/                                  progit_v2.1.22.pdf
'1_Camp, Git Introduction.pptx'       '3_Camp, Operations with commits.pptx'    DevTestOps-Version_Control_with_Git.pdf

YS@LAPTOP-DHSNN406 MINGW64 /y/GlobalLogic_ProCamp
$ cd /
bin/               dev/               git-bash.exe       LICENSE.txt        proc/              tmp/               unins000.exe       usr/
cmd/               etc/               git-cmd.exe        mingw64/           ReleaseNotes.html  unins000.dat       unins000.msg

YS@LAPTOP-DHSNN406 MINGW64 /y/GlobalLogic_ProCamp
$ ls
'~$EC_Lecture_2_C_Lang_part1_m.pptx'  '2_Camp, Operations with branches.pptx'   archive/                                  GL_EmbededProCamp_HomeWork/
'1_Camp, Git Introduction.pptx'       '3_Camp, Operations with commits.pptx'    DevTestOps-Version_Control_with_Git.pdf   progit_v2.1.22.pdf

YS@LAPTOP-DHSNN406 MINGW64 /y/GlobalLogic_ProCamp
$ cd GL_EmbededProCamp_HomeWork/

YS@LAPTOP-DHSNN406 MINGW64 /y/GlobalLogic_ProCamp/GL_EmbededProCamp_HomeWork
$ cd /y/GlobalLogic_ProCamp/

YS@LAPTOP-DHSNN406 MINGW64 /y/GlobalLogic_ProCamp
$ git clone git@github.com:ysharkadiy/GL_EmbededProCamp_HomeWork.git
Cloning into 'GL_EmbededProCamp_HomeWork'...
remote: Enumerating objects: 80, done.
remote: Counting objects: 100% (80/80), done.
remote: Compressing objects: 100% (48/48), done.
remote: Total 80 (delta 22), reused 67 (delta 14), pack-reused 0
Receiving objects: 100% (80/80), 21.13 KiB | 1.51 MiB/s, done.
Resolving deltas: 100% (22/22), done.

YS@LAPTOP-DHSNN406 MINGW64 /y/GlobalLogic_ProCamp
$ cd GL_EmbededProCamp_HomeWork/

YS@LAPTOP-DHSNN406 MINGW64 /y/GlobalLogic_ProCamp/GL_EmbededProCamp_HomeWork (master)
$ git branch -u origin/master
Branch 'master' set up to track remote branch 'master' from 'origin'.

YS@LAPTOP-DHSNN406 MINGW64 /y/GlobalLogic_ProCamp/GL_EmbededProCamp_HomeWork (master)
$ git branch -a
* master
  remotes/origin/A
  remotes/origin/Git_L1
  remotes/origin/HEAD -> origin/master
  remotes/origin/master

YS@LAPTOP-DHSNN406 MINGW64 /y/GlobalLogic_ProCamp/GL_EmbededProCamp_HomeWork (master)
$ git branch -v
* master db3e733 YS: renamed main folder for Git_Homework

YS@LAPTOP-DHSNN406 MINGW64 /y/GlobalLogic_ProCamp/GL_EmbededProCamp_HomeWork (master)
$ git branch -vv
* master db3e733 [origin/master] YS: renamed main folder for Git_Homework

YS@LAPTOP-DHSNN406 MINGW64 /y/GlobalLogic_ProCamp/GL_EmbededProCamp_HomeWork (master)
$  git checkout --track origin/A
Switched to a new branch 'A'
Branch 'A' set up to track remote branch 'A' from 'origin'.

YS@LAPTOP-DHSNN406 MINGW64 /y/GlobalLogic_ProCamp/GL_EmbededProCamp_HomeWork (A)
$ git log
commit 45e4082c079562938710827bdec55e533862fe00 (HEAD -> A, origin/A)
Author: Yuliya Sharkadiy <ysharkadiy@gmail.com>
Date:   Mon Nov 11 00:02:50 2019 +0200

    added file from second session of working with Git; create new branch

commit db3e733dd44f5d0bf6e5cb081ecc94324b412c3a (origin/master, origin/HEAD, master)
Author: Yuliya Sharkadiy <ysharkadiy@gmail.com>
Date:   Sun Nov 10 22:19:10 2019 +0200

    YS: renamed main folder for Git_Homework

    Signed-off-by: Yuliya Sharkadiy <ysharkadiy@gmail.com>

commit 71863317c108d406151bc3d29ecff79768a9a828 (tag: stable)
Author: Yuliya Sharkadiy <ysharkadiy@gmail.com>
Date:   Sun Nov 3 16:43:08 2019 +0200

    tagged commit

commit 9ad23cf49206b563ca787fb8a576d9970bbfb43f (tag: version1)
Merge: 3bc2451 221aec6
Author: Yuliya Sharkadiy <ysharkadiy@gmail.com>
Date:   Sun Nov 3 14:32:14 2019 +0200

    Merge branch 'Git_L1'

    # Conflicts:
    #       Git_L1/file_3.txt

commit 221aec6a195ba2a766a117167af68ee3b6bd9752 (origin/Git_L1)
Author: Yuliya Sharkadiy <ysharkadiy@gmail.com>
Date:   Sun Nov 3 14:23:17 2019 +0200

    add another joke

commit 3bc24510353998fe81f2d8677602f7f817352b95
Author: Yuliya Sharkadiy <ysharkadiy@gmail.com>
Date:   Sun Nov 3 14:21:48 2019 +0200

    one more joke

commit d1a189d08d7881830d55e87a2f25aaedf7691a53
Merge: d85f233 9be5ee9
Author: Yuliya Sharkadiy <ysharkadiy@gmail.com>
Date:   Sun Nov 3 14:11:23 2019 +0200

    Merge branch 'master' of github.com:ysharkadiy/GL_EmbededProCamp_HomeWork

commit d85f233a474c56c1cc2c2afb1e0b1c9984c045af

YS@LAPTOP-DHSNN406 MINGW64 /y/GlobalLogic_ProCamp/GL_EmbededProCamp_HomeWork (A)
$ git checkout master
Switched to branch 'master'
Your branch is up to date with 'origin/master'.

YS@LAPTOP-DHSNN406 MINGW64 /y/GlobalLogic_ProCamp/GL_EmbededProCamp_HomeWork (master)
$ git merge A
Updating db3e733..45e4082
Fast-forward
 Git/MySecondSessionWithGit.txt | 3508 ++++++++++++++++++++++++++++++++++++++++
 1 file changed, 3508 insertions(+)
 create mode 100644 Git/MySecondSessionWithGit.txt

YS@LAPTOP-DHSNN406 MINGW64 /y/GlobalLogic_ProCamp/GL_EmbededProCamp_HomeWork (master)
$ git status
On branch master
Your branch is ahead of 'origin/master' by 1 commit.
  (use "git push" to publish your local commits)

Changes not staged for commit:
  (use "git add <file>..." to update what will be committed)
  (use "git restore <file>..." to discard changes in working directory)
        modified:   Git/file_4.txt

no changes added to commit (use "git add" and/or "git commit -a")

YS@LAPTOP-DHSNN406 MINGW64 /y/GlobalLogic_ProCamp/GL_EmbededProCamp_HomeWork (master)
$ git add .

YS@LAPTOP-DHSNN406 MINGW64 /y/GlobalLogic_ProCamp/GL_EmbededProCamp_HomeWork (master)
$ git status
On branch master
Your branch is ahead of 'origin/master' by 1 commit.
  (use "git push" to publish your local commits)

Changes to be committed:
  (use "git restore --staged <file>..." to unstage)
        modified:   Git/file_4.txt


YS@LAPTOP-DHSNN406 MINGW64 /y/GlobalLogic_ProCamp/GL_EmbededProCamp_HomeWork (master)
$ git commit -m "added few numbers to file_4.txt"
[master 194b516] added few numbers to file_4.txt
 1 file changed, 2 insertions(+), 1 deletion(-)

YS@LAPTOP-DHSNN406 MINGW64 /y/GlobalLogic_ProCamp/GL_EmbededProCamp_HomeWork (master)
$ git status
On branch master
Your branch is ahead of 'origin/master' by 2 commits.
  (use "git push" to publish your local commits)

nothing to commit, working tree clean

YS@LAPTOP-DHSNN406 MINGW64 /y/GlobalLogic_ProCamp/GL_EmbededProCamp_HomeWork (master)
$ git log
commit 194b5163a18b758783549e2d9c788e4de322368b (HEAD -> master)
Author: Yuliya Sharkadiy <ysharkadiy@gmail.com>
Date:   Mon Nov 11 23:47:43 2019 +0200

    added few numbers to file_4.txt

commit 45e4082c079562938710827bdec55e533862fe00 (origin/A, A)
Author: Yuliya Sharkadiy <ysharkadiy@gmail.com>
Date:   Mon Nov 11 00:02:50 2019 +0200

    added file from second session of working with Git; create new branch

commit db3e733dd44f5d0bf6e5cb081ecc94324b412c3a (origin/master, origin/HEAD)
Author: Yuliya Sharkadiy <ysharkadiy@gmail.com>
Date:   Sun Nov 10 22:19:10 2019 +0200

    YS: renamed main folder for Git_Homework

    Signed-off-by: Yuliya Sharkadiy <ysharkadiy@gmail.com>

commit 71863317c108d406151bc3d29ecff79768a9a828 (tag: stable)
Author: Yuliya Sharkadiy <ysharkadiy@gmail.com>
Date:   Sun Nov 3 16:43:08 2019 +0200

    tagged commit

commit 9ad23cf49206b563ca787fb8a576d9970bbfb43f (tag: version1)
Merge: 3bc2451 221aec6
Author: Yuliya Sharkadiy <ysharkadiy@gmail.com>
Date:   Sun Nov 3 14:32:14 2019 +0200

    Merge branch 'Git_L1'

    # Conflicts:
    #       Git_L1/file_3.txt

commit 221aec6a195ba2a766a117167af68ee3b6bd9752 (origin/Git_L1)
Author: Yuliya Sharkadiy <ysharkadiy@gmail.com>
Date:   Sun Nov 3 14:23:17 2019 +0200

    add another joke

commit 3bc24510353998fe81f2d8677602f7f817352b95
Author: Yuliya Sharkadiy <ysharkadiy@gmail.com>
Date:   Sun Nov 3 14:21:48 2019 +0200

    one more joke

commit d1a189d08d7881830d55e87a2f25aaedf7691a53
!q
/usr/bin/bash: q: command not found
!done  (press RETURN)

YS@LAPTOP-DHSNN406 MINGW64 /y/GlobalLogic_ProCamp/GL_EmbededProCamp_HomeWork (master)
$ git gui&
[1] 1828

YS@LAPTOP-DHSNN406 MINGW64 /y/GlobalLogic_ProCamp/GL_EmbededProCamp_HomeWork (master)
$ git commit --amend -m "master commit"
[master 9ac5bb9] master commit
 Date: Mon Nov 11 23:47:43 2019 +0200
 1 file changed, 2 insertions(+), 1 deletion(-)

YS@LAPTOP-DHSNN406 MINGW64 /y/GlobalLogic_ProCamp/GL_EmbededProCamp_HomeWork (master)
$ git commit --amend -m "Master commit. Added few numbers to file_4.txt"
[master 5b7bfd3] Master commit. Added few numbers to file_4.txt
 Date: Mon Nov 11 23:47:43 2019 +0200
 1 file changed, 2 insertions(+), 1 deletion(-)

YS@LAPTOP-DHSNN406 MINGW64 /y/GlobalLogic_ProCamp/GL_EmbededProCamp_HomeWork (master)
$ git checkout A
Switched to branch 'A'
Your branch is up to date with 'origin/A'.

YS@LAPTOP-DHSNN406 MINGW64 /y/GlobalLogic_ProCamp/GL_EmbededProCamp_HomeWork (A)
$ git add .

YS@LAPTOP-DHSNN406 MINGW64 /y/GlobalLogic_ProCamp/GL_EmbededProCamp_HomeWork (A)
$ git commit -m "Commit from branch A. Added few numbers to file_4.txt"
[A f4e937c] Commit from branch A. Added few numbers to file_4.txt
 1 file changed, 3 insertions(+), 1 deletion(-)

YS@LAPTOP-DHSNN406 MINGW64 /y/GlobalLogic_ProCamp/GL_EmbededProCamp_HomeWork (A)
$ git checkout master
Switched to branch 'master'
Your branch is ahead of 'origin/master' by 2 commits.
  (use "git push" to publish your local commits)

YS@LAPTOP-DHSNN406 MINGW64 /y/GlobalLogic_ProCamp/GL_EmbededProCamp_HomeWork (master)
$ git merge A
Auto-merging Git/file_4.txt
CONFLICT (content): Merge conflict in Git/file_4.txt
Automatic merge failed; fix conflicts and then commit the result.

YS@LAPTOP-DHSNN406 MINGW64 /y/GlobalLogic_ProCamp/GL_EmbededProCamp_HomeWork (master|MERGING)
$ gitk&
[2] 1871

YS@LAPTOP-DHSNN406 MINGW64 /y/GlobalLogic_ProCamp/GL_EmbededProCamp_HomeWork (master|MERGING)
$ git add file_4.txt
fatal: pathspec 'file_4.txt' did not match any files

YS@LAPTOP-DHSNN406 MINGW64 /y/GlobalLogic_ProCamp/GL_EmbededProCamp_HomeWork (master|MERGING)
$ git status
On branch master
Your branch is ahead of 'origin/master' by 2 commits.
  (use "git push" to publish your local commits)

You have unmerged paths.
  (fix conflicts and run "git commit")
  (use "git merge --abort" to abort the merge)

Unmerged paths:
  (use "git add <file>..." to mark resolution)
        both modified:   Git/file_4.txt

no changes added to commit (use "git add" and/or "git commit -a")

YS@LAPTOP-DHSNN406 MINGW64 /y/GlobalLogic_ProCamp/GL_EmbededProCamp_HomeWork (master|MERGING)
$ git add Git/file_4.txt

YS@LAPTOP-DHSNN406 MINGW64 /y/GlobalLogic_ProCamp/GL_EmbededProCamp_HomeWork (master|MERGING)
$ git merge --co
--commit     --continue

YS@LAPTOP-DHSNN406 MINGW64 /y/GlobalLogic_ProCamp/GL_EmbededProCamp_HomeWork (master|MERGING)
$ git merge --continue
[master 81b2f93] Merge branch 'A'

YS@LAPTOP-DHSNN406 MINGW64 /y/GlobalLogic_ProCamp/GL_EmbededProCamp_HomeWork (master)
$ git push
Enumerating objects: 15, done.
Counting objects: 100% (15/15), done.
Delta compression using up to 4 threads
Compressing objects: 100% (9/9), done.
Writing objects: 100% (12/12), 1.05 KiB | 268.00 KiB/s, done.
Total 12 (delta 4), reused 0 (delta 0)
remote: Resolving deltas: 100% (4/4), completed with 1 local object.
To github.com:ysharkadiy/GL_EmbededProCamp_HomeWork.git
   db3e733..81b2f93  master -> master

YS@LAPTOP-DHSNN406 MINGW64 /y/GlobalLogic_ProCamp/GL_EmbededProCamp_HomeWork (master)
$ cd /y/GlobalLogic_ProCamp/

YS@LAPTOP-DHSNN406 MINGW64 /y/GlobalLogic_ProCamp
$ git clone git@github.com:ysharkadiy/GL_EmbededProCamp_HomeWork.git ^C

YS@LAPTOP-DHSNN406 MINGW64 /y/GlobalLogic_ProCamp
$ git clone git@github.com:ysharkadiy/GL_EmbededProCamp_HomeWork.git GL_EmbededProCamp_HomeWork_Copy/
Cloning into 'GL_EmbededProCamp_HomeWork_Copy'...
remote: Enumerating objects: 92, done.
remote: Counting objects: 100% (92/92), done.
remote: Compressing objects: 100% (54/54), done.
remote: Total 92 (delta 26), reused 78 (delta 17), pack-reused 0
Receiving objects: 100% (92/92), 22.15 KiB | 1.58 MiB/s, done.
Resolving deltas: 100% (26/26), done.

YS@LAPTOP-DHSNN406 MINGW64 /y/GlobalLogic_ProCamp
$ cd GL_EmbededProCamp_HomeWork_Copy/

YS@LAPTOP-DHSNN406 MINGW64 /y/GlobalLogic_ProCamp/GL_EmbededProCamp_HomeWork_Copy (master)
$ git status
On branch master
Your branch is up to date with 'origin/master'.

Untracked files:
  (use "git add <file>..." to include in what will be committed)
        Git/MyThirdSessionWithGit.txt

nothing added to commit but untracked files present (use "git add" to track)

YS@LAPTOP-DHSNN406 MINGW64 /y/GlobalLogic_ProCamp/GL_EmbededProCamp_HomeWork_Copy (master)
$ git add -A

YS@LAPTOP-DHSNN406 MINGW64 /y/GlobalLogic_ProCamp/GL_EmbededProCamp_HomeWork_Copy (master)
$ git status
On branch master
Your branch is up to date with 'origin/master'.

Changes to be committed:
  (use "git restore --staged <file>..." to unstage)
        new file:   Git/MyThirdSessionWithGit.txt


YS@LAPTOP-DHSNN406 MINGW64 /y/GlobalLogic_ProCamp/GL_EmbededProCamp_HomeWork_Copy (master)
$ git commit -m "try to commit from other clone of repo"
[master 71aa7d5] try to commit from other clone of repo
 1 file changed, 977 insertions(+)
 create mode 100644 Git/MyThirdSessionWithGit.txt

YS@LAPTOP-DHSNN406 MINGW64 /y/GlobalLogic_ProCamp/GL_EmbededProCamp_HomeWork_Copy (master)
$ git push
Enumerating objects: 6, done.
Counting objects: 100% (6/6), done.
Delta compression using up to 4 threads
Compressing objects: 100% (4/4), done.
Writing objects: 100% (4/4), 6.43 KiB | 658.00 KiB/s, done.
Total 4 (delta 1), reused 0 (delta 0)
remote: Resolving deltas: 100% (1/1), completed with 1 local object.
To github.com:ysharkadiy/GL_EmbededProCamp_HomeWork.git
   81b2f93..71aa7d5  master -> master

YS@LAPTOP-DHSNN406 MINGW64 /y/GlobalLogic_ProCamp/GL_EmbededProCamp_HomeWork_Copy (master)
$ git branch -a
* master
  remotes/origin/A
  remotes/origin/Git_L1
  remotes/origin/HEAD -> origin/master
  remotes/origin/master

YS@LAPTOP-DHSNN406 MINGW64 /y/GlobalLogic_ProCamp/GL_EmbededProCamp_HomeWork_Copy (master)
$ git branch -d Git_L1
error: branch 'Git_L1' not found.

YS@LAPTOP-DHSNN406 MINGW64 /y/GlobalLogic_ProCamp/GL_EmbededProCamp_HomeWork_Copy (master)
$ git branch -d orogin/Git_L1
error: branch 'orogin/Git_L1' not found.

YS@LAPTOP-DHSNN406 MINGW64 /y/GlobalLogic_ProCamp/GL_EmbededProCamp_HomeWork_Copy (master)
$ git branch -d origin/Git_L1
error: branch 'origin/Git_L1' not found.

YS@LAPTOP-DHSNN406 MINGW64 /y/GlobalLogic_ProCamp/GL_EmbededProCamp_HomeWork_Copy (master)
$ git branch -d remotes/origin/Git_L1
error: branch 'remotes/origin/Git_L1' not found.

YS@LAPTOP-DHSNN406 MINGW64 /y/GlobalLogic_ProCamp/GL_EmbededProCamp_HomeWork_Copy (master)
$ git checkout Git_L1
Switched to a new branch 'Git_L1'
Branch 'Git_L1' set up to track remote branch 'Git_L1' from 'origin'.

YS@LAPTOP-DHSNN406 MINGW64 /y/GlobalLogic_ProCamp/GL_EmbededProCamp_HomeWork_Copy (Git_L1)
$ git checkout master
Switched to branch 'master'
Your branch is up to date with 'origin/master'.

YS@LAPTOP-DHSNN406 MINGW64 /y/GlobalLogic_ProCamp/GL_EmbededProCamp_HomeWork_Copy (master)
$ git branch -d Git_L1
Deleted branch Git_L1 (was 221aec6).

YS@LAPTOP-DHSNN406 MINGW64 /y/GlobalLogic_ProCamp/GL_EmbededProCamp_HomeWork_Copy (master)
$ dit push
bash: dit: command not found

YS@LAPTOP-DHSNN406 MINGW64 /y/GlobalLogic_ProCamp/GL_EmbededProCamp_HomeWork_Copy (master)
$ git push
Everything up-to-date

YS@LAPTOP-DHSNN406 MINGW64 /y/GlobalLogic_ProCamp/GL_EmbededProCamp_HomeWork_Copy (master)
$ git fetch --prune

YS@LAPTOP-DHSNN406 MINGW64 /y/GlobalLogic_ProCamp/GL_EmbededProCamp_HomeWork_Copy (master)
$ gitk&
[3] 2019

YS@LAPTOP-DHSNN406 MINGW64 /y/GlobalLogic_ProCamp/GL_EmbededProCamp_HomeWork_Copy (master)
$ git branch -a
* master
  remotes/origin/A
  remotes/origin/Git_L1
  remotes/origin/HEAD -> origin/master
  remotes/origin/master

YS@LAPTOP-DHSNN406 MINGW64 /y/GlobalLogic_ProCamp/GL_EmbededProCamp_HomeWork_Copy (master)
$ git push orogin --delete Git_L1
fatal: 'orogin' does not appear to be a git repository
fatal: Could not read from remote repository.

Please make sure you have the correct access rights
and the repository exists.

YS@LAPTOP-DHSNN406 MINGW64 /y/GlobalLogic_ProCamp/GL_EmbededProCamp_HomeWork_Copy (master)
$ git push origin --delete Git_L1
To github.com:ysharkadiy/GL_EmbededProCamp_HomeWork.git
 - [deleted]         Git_L1

YS@LAPTOP-DHSNN406 MINGW64 /y/GlobalLogic_ProCamp/GL_EmbededProCamp_HomeWork_Copy (master)
$ git fetch --prune

YS@LAPTOP-DHSNN406 MINGW64 /y/GlobalLogic_ProCamp/GL_EmbededProCamp_HomeWork_Copy (master)
$ gitk&
[4] 2045
[1]   Exit 127                git gui  (wd: /y/GlobalLogic_ProCamp/GL_EmbededProCamp_HomeWork)
(wd now: /y/GlobalLogic_ProCamp/GL_EmbededProCamp_HomeWork_Copy)
[2]   Done                    gitk  (wd: /y/GlobalLogic_ProCamp/GL_EmbededProCamp_HomeWork)
(wd now: /y/GlobalLogic_ProCamp/GL_EmbededProCamp_HomeWork_Copy)
[3]   Done                    gitk

YS@LAPTOP-DHSNN406 MINGW64 /y/GlobalLogic_ProCamp/GL_EmbededProCamp_HomeWork_Copy (master)
$ cd /y/GlobalLogic_ProCamp/G
Git_command.docx                 GL_EmbededProCamp_HomeWork/      GL_EmbededProCamp_HomeWork_Copy/

YS@LAPTOP-DHSNN406 MINGW64 /y/GlobalLogic_ProCamp/GL_EmbededProCamp_HomeWork_Copy (master)
$ cd /y/GlobalLogic_ProCamp/GL_EmbededProCamp_HomeWork
[4]+  Done                    gitk  (wd: /y/GlobalLogic_ProCamp/GL_EmbededProCamp_HomeWork_Copy)
(wd now: /y/GlobalLogic_ProCamp/GL_EmbededProCamp_HomeWork)

YS@LAPTOP-DHSNN406 MINGW64 /y/GlobalLogic_ProCamp/GL_EmbededProCamp_HomeWork (master)
$ git status
On branch master
Your branch is up to date with 'origin/master'.

nothing to commit, working tree clean

YS@LAPTOP-DHSNN406 MINGW64 /y/GlobalLogic_ProCamp/GL_EmbededProCamp_HomeWork (master)
$ git pull origin master
remote: Enumerating objects: 6, done.
remote: Counting objects: 100% (6/6), done.
remote: Compressing objects: 100% (3/3), done.
remote: Total 4 (delta 1), reused 4 (delta 1), pack-reused 0
Unpacking objects: 100% (4/4), done.
From github.com:ysharkadiy/GL_EmbededProCamp_HomeWork
 * branch            master     -> FETCH_HEAD
   81b2f93..71aa7d5  master     -> origin/master
Updating 81b2f93..71aa7d5
Fast-forward
 Git/MyThirdSessionWithGit.txt | 977 ++++++++++++++++++++++++++++++++++++++++++
 1 file changed, 977 insertions(+)
 create mode 100644 Git/MyThirdSessionWithGit.txt

YS@LAPTOP-DHSNN406 MINGW64 /y/GlobalLogic_ProCamp/GL_EmbededProCamp_HomeWork (master)
$ gitk&
[1] 2061

YS@LAPTOP-DHSNN406 MINGW64 /y/GlobalLogic_ProCamp/GL_EmbededProCamp_HomeWork (master)
$ git pull
Already up to date.

YS@LAPTOP-DHSNN406 MINGW64 /y/GlobalLogic_ProCamp/GL_EmbededProCamp_HomeWork (master)
$ git status
On branch master
Your branch is up to date with 'origin/master'.

Untracked files:
  (use "git add <file>..." to include in what will be committed)
        .gitignore
        Git/file_6.html

nothing added to commit but untracked files present (use "git add" to track)

YS@LAPTOP-DHSNN406 MINGW64 /y/GlobalLogic_ProCamp/GL_EmbededProCamp_HomeWork (master)
$ git status
On branch master
Your branch is up to date with 'origin/master'.

Untracked files:
  (use "git add <file>..." to include in what will be committed)
        .gitignore

nothing added to commit but untracked files present (use "git add" to track)

YS@LAPTOP-DHSNN406 MINGW64 /y/GlobalLogic_ProCamp/GL_EmbededProCamp_HomeWork (master)
$ git add -A

YS@LAPTOP-DHSNN406 MINGW64 /y/GlobalLogic_ProCamp/GL_EmbededProCamp_HomeWork (master)
$ git commit -m "create git ignore file and commit this file"
[master ada6b1c] create git ignore file and commit this file
 1 file changed, 1 insertion(+)
 create mode 100644 .gitignore

YS@LAPTOP-DHSNN406 MINGW64 /y/GlobalLogic_ProCamp/GL_EmbededProCamp_HomeWork (master)
$ git push
Enumerating objects: 4, done.
Counting objects: 100% (4/4), done.
Delta compression using up to 4 threads
Compressing objects: 100% (2/2), done.
Writing objects: 100% (3/3), 337 bytes | 168.00 KiB/s, done.
Total 3 (delta 0), reused 0 (delta 0)
To github.com:ysharkadiy/GL_EmbededProCamp_HomeWork.git
   71aa7d5..ada6b1c  master -> master

YS@LAPTOP-DHSNN406 MINGW64 /y/GlobalLogic_ProCamp/GL_EmbededProCamp_HomeWork (master)
$
